08:00 : Start | 0 sec
08:30 : Location A | 1800 sec
09:00 : Location B | 1800 sec
Delivery time | 01:00:00
